-- @Description This is to test the reindex functionality of a database.
-- A user who owns a database should be able to reindex the database and all the tables in it
-- even if he does not own them and has no direct privileges on them.
DROP database IF EXISTS reindexdb2;
DROP role IF EXISTS test1;
DROP role IF EXISTS test2;
CREATE ROLE test1 WITH login;
NOTICE:  resource queue required -- using default resource queue "pg_default"
CREATE ROLE test2 WITH login CREATEDB;
NOTICE:  resource queue required -- using default resource queue "pg_default"
SET role = test2;
CREATE database reindexdb2;
\c reindexdb2
BEGIN;
SET role = test1;
CREATE TABLE mytab1_heap(a int, b int);
NOTICE:  Table doesn't have 'DISTRIBUTED BY' clause -- Using column named 'a' as the Greenplum Database data distribution key for this table.
HINT:  The 'DISTRIBUTED BY' clause determines the distribution of data. Make sure column(s) chosen are the optimal data distribution key to minimize skew.
CREATE INDEX idx_mytab1_heap ON mytab1_heap(b);
INSERT INTO mytab1_heap SELECT a , a - 10 FROM generate_series(1,100) a;
DELETE FROM mytab1_heap WHERE a % 4 = 0;
REVOKE ALL PRIVILEGES ON mytab1_heap FROM test2;
NOTICE:  no privileges could be revoked from role test2 on object mytab1_heap
CREATE TABLE mytab1_ao(a int, b int) WITH (appendonly = TRUE);
NOTICE:  Table doesn't have 'DISTRIBUTED BY' clause -- Using column named 'a' as the Greenplum Database data distribution key for this table.
HINT:  The 'DISTRIBUTED BY' clause determines the distribution of data. Make sure column(s) chosen are the optimal data distribution key to minimize skew.
CREATE INDEX idx_mytab1_ao ON mytab1_ao(b);
INSERT INTO mytab1_ao SELECT a , a - 10 FROM generate_series(1,100) a;
DELETE FROM mytab1_ao WHERE a % 4 = 0;
REVOKE ALL PRIVILEGES ON mytab1_ao FROM test2;
NOTICE:  no privileges could be revoked from role test2 on object mytab1_ao
CREATE TABLE mytab1_aoco(a int, b int) WITH (appendonly = TRUE, orientation = COLUMN);
NOTICE:  Table doesn't have 'DISTRIBUTED BY' clause -- Using column named 'a' as the Greenplum Database data distribution key for this table.
HINT:  The 'DISTRIBUTED BY' clause determines the distribution of data. Make sure column(s) chosen are the optimal data distribution key to minimize skew.
CREATE INDEX idx_mytab1_aoco ON mytab1_aoco(b);
INSERT INTO mytab1_aoco SELECT a , a - 10 FROM generate_series(1,100) a;
DELETE FROM mytab1_aoco WHERE a % 4 = 0;
REVOKE ALL PRIVILEGES ON mytab1_aoco FROM test2;
NOTICE:  no privileges could be revoked from role test2 on object mytab1_aoco
COMMIT;
SET role = test2;
SET client_min_messages=WARNING;
REINDEX DATABASE  reindexdb2;
select usename as user_for_reindex_heap from pg_stat_operations where objname = 'idx_mytab1_heap' and subtype = 'REINDEX' ;
INFO:  GPORCA failed to produce a plan, falling back to planner
 user_for_reindex_heap 
-----------------------
 test2
(1 row)

select usename as user_for_reindex_ao from pg_stat_operations where objname = 'idx_mytab1_ao' and subtype = 'REINDEX' ;
INFO:  GPORCA failed to produce a plan, falling back to planner
 user_for_reindex_ao 
---------------------
 test2
(1 row)

select usename as user_for_reindex_aoco from pg_stat_operations where objname = 'idx_mytab1_aoco' and subtype = 'REINDEX' ;
INFO:  GPORCA failed to produce a plan, falling back to planner
 user_for_reindex_aoco 
-----------------------
 test2
(1 row)

