--
-- This is created by pgsql/contrib/findoidjoins/make_oidjoin_check
--
SELECT	ctid, aggfnoid 
FROM	pg_catalog.pg_aggregate fk 
WHERE	aggfnoid != 0 AND 
	NOT EXISTS(SELECT 1 FROM pg_catalog.pg_proc pk WHERE pk.oid = fk.aggfnoid);
INFO:  GPORCA failed to produce a plan, falling back to planner
 ctid | aggfnoid 
------+----------
(0 rows)

SELECT	ctid, aggtransfn 
FROM	pg_catalog.pg_aggregate fk 
WHERE	aggtransfn != 0 AND 
	NOT EXISTS(SELECT 1 FROM pg_catalog.pg_proc pk WHERE pk.oid = fk.aggtransfn);
INFO:  GPORCA failed to produce a plan, falling back to planner
 ctid | aggtransfn 
------+------------
(0 rows)

SELECT	ctid, aggfinalfn 
FROM	pg_catalog.pg_aggregate fk 
WHERE	aggfinalfn != 0 AND 
	NOT EXISTS(SELECT 1 FROM pg_catalog.pg_proc pk WHERE pk.oid = fk.aggfinalfn);
INFO:  GPORCA failed to produce a plan, falling back to planner
 ctid | aggfinalfn 
------+------------
(0 rows)

SELECT	ctid, aggsortop 
FROM	pg_catalog.pg_aggregate fk 
WHERE	aggsortop != 0 AND 
	NOT EXISTS(SELECT 1 FROM pg_catalog.pg_operator pk WHERE pk.oid = fk.aggsortop);
INFO:  GPORCA failed to produce a plan, falling back to planner
 ctid | aggsortop 
------+-----------
(0 rows)

SELECT	ctid, aggtranstype 
FROM	pg_catalog.pg_aggregate fk 
WHERE	aggtranstype != 0 AND 
	NOT EXISTS(SELECT 1 FROM pg_catalog.pg_type pk WHERE pk.oid = fk.aggtranstype);
INFO:  GPORCA failed to produce a plan, falling back to planner
 ctid | aggtranstype 
------+--------------
(0 rows)

SELECT	ctid, aminsert 
FROM	pg_catalog.pg_am fk 
WHERE	aminsert != 0 AND 
	NOT EXISTS(SELECT 1 FROM pg_catalog.pg_proc pk WHERE pk.oid = fk.aminsert);
INFO:  GPORCA failed to produce a plan, falling back to planner
 ctid | aminsert 
------+----------
(0 rows)

SELECT	ctid, ambeginscan 
FROM	pg_catalog.pg_am fk 
WHERE	ambeginscan != 0 AND 
	NOT EXISTS(SELECT 1 FROM pg_catalog.pg_proc pk WHERE pk.oid = fk.ambeginscan);
INFO:  GPORCA failed to produce a plan, falling back to planner
 ctid | ambeginscan 
------+-------------
(0 rows)

SELECT	ctid, amgettuple 
FROM	pg_catalog.pg_am fk 
WHERE	amgettuple != 0 AND 
	NOT EXISTS(SELECT 1 FROM pg_catalog.pg_proc pk WHERE pk.oid = fk.amgettuple);
INFO:  GPORCA failed to produce a plan, falling back to planner
 ctid | amgettuple 
------+------------
(0 rows)

SELECT	ctid, amgetbitmap 
FROM	pg_catalog.pg_am fk 
WHERE	amgetbitmap != 0 AND 
	NOT EXISTS(SELECT 1 FROM pg_catalog.pg_proc pk WHERE pk.oid = fk.amgetbitmap);
INFO:  GPORCA failed to produce a plan, falling back to planner
 ctid | amgetbitmap 
------+-------------
(0 rows)

SELECT	ctid, amrescan 
FROM	pg_catalog.pg_am fk 
WHERE	amrescan != 0 AND 
	NOT EXISTS(SELECT 1 FROM pg_catalog.pg_proc pk WHERE pk.oid = fk.amrescan);
INFO:  GPORCA failed to produce a plan, falling back to planner
 ctid | amrescan 
------+----------
(0 rows)

SELECT	ctid, amendscan 
FROM	pg_catalog.pg_am fk 
WHERE	amendscan != 0 AND 
	NOT EXISTS(SELECT 1 FROM pg_catalog.pg_proc pk WHERE pk.oid = fk.amendscan);
INFO:  GPORCA failed to produce a plan, falling back to planner
 ctid | amendscan 
------+-----------
(0 rows)

SELECT	ctid, ammarkpos 
FROM	pg_catalog.pg_am fk 
WHERE	ammarkpos != 0 AND 
	NOT EXISTS(SELECT 1 FROM pg_catalog.pg_proc pk WHERE pk.oid = fk.ammarkpos);
INFO:  GPORCA failed to produce a plan, falling back to planner
 ctid | ammarkpos 
------+-----------
(0 rows)

SELECT	ctid, amrestrpos 
FROM	pg_catalog.pg_am fk 
WHERE	amrestrpos != 0 AND 
	NOT EXISTS(SELECT 1 FROM pg_catalog.pg_proc pk WHERE pk.oid = fk.amrestrpos);
INFO:  GPORCA failed to produce a plan, falling back to planner
 ctid | amrestrpos 
------+------------
(0 rows)

SELECT	ctid, ambuild 
FROM	pg_catalog.pg_am fk 
WHERE	ambuild != 0 AND 
	NOT EXISTS(SELECT 1 FROM pg_catalog.pg_proc pk WHERE pk.oid = fk.ambuild);
INFO:  GPORCA failed to produce a plan, falling back to planner
 ctid | ambuild 
------+---------
(0 rows)

SELECT	ctid, ambulkdelete 
FROM	pg_catalog.pg_am fk 
WHERE	ambulkdelete != 0 AND 
	NOT EXISTS(SELECT 1 FROM pg_catalog.pg_proc pk WHERE pk.oid = fk.ambulkdelete);
INFO:  GPORCA failed to produce a plan, falling back to planner
 ctid | ambulkdelete 
------+--------------
(0 rows)

SELECT	ctid, amvacuumcleanup 
FROM	pg_catalog.pg_am fk 
WHERE	amvacuumcleanup != 0 AND 
	NOT EXISTS(SELECT 1 FROM pg_catalog.pg_proc pk WHERE pk.oid = fk.amvacuumcleanup);
INFO:  GPORCA failed to produce a plan, falling back to planner
 ctid | amvacuumcleanup 
------+-----------------
(0 rows)

SELECT	ctid, amcostestimate 
FROM	pg_catalog.pg_am fk 
WHERE	amcostestimate != 0 AND 
	NOT EXISTS(SELECT 1 FROM pg_catalog.pg_proc pk WHERE pk.oid = fk.amcostestimate);
INFO:  GPORCA failed to produce a plan, falling back to planner
 ctid | amcostestimate 
------+----------------
(0 rows)

SELECT	ctid, amoptions 
FROM	pg_catalog.pg_am fk 
WHERE	amoptions != 0 AND 
	NOT EXISTS(SELECT 1 FROM pg_catalog.pg_proc pk WHERE pk.oid = fk.amoptions);
INFO:  GPORCA failed to produce a plan, falling back to planner
 ctid | amoptions 
------+-----------
(0 rows)

SELECT	ctid, amopfamily 
FROM	pg_catalog.pg_amop fk 
WHERE	amopfamily != 0 AND 
	NOT EXISTS(SELECT 1 FROM pg_catalog.pg_opfamily pk WHERE pk.oid = fk.amopfamily);
INFO:  GPORCA failed to produce a plan, falling back to planner
 ctid | amopfamily 
------+------------
(0 rows)

SELECT	ctid, amoplefttype 
FROM	pg_catalog.pg_amop fk 
WHERE	amoplefttype != 0 AND 
	NOT EXISTS(SELECT 1 FROM pg_catalog.pg_type pk WHERE pk.oid = fk.amoplefttype);
INFO:  GPORCA failed to produce a plan, falling back to planner
 ctid | amoplefttype 
------+--------------
(0 rows)

SELECT	ctid, amoprighttype 
FROM	pg_catalog.pg_amop fk 
WHERE	amoprighttype != 0 AND 
	NOT EXISTS(SELECT 1 FROM pg_catalog.pg_type pk WHERE pk.oid = fk.amoprighttype);
INFO:  GPORCA failed to produce a plan, falling back to planner
 ctid | amoprighttype 
------+---------------
(0 rows)

SELECT	ctid, amopopr 
FROM	pg_catalog.pg_amop fk 
WHERE	amopopr != 0 AND 
	NOT EXISTS(SELECT 1 FROM pg_catalog.pg_operator pk WHERE pk.oid = fk.amopopr);
INFO:  GPORCA failed to produce a plan, falling back to planner
 ctid | amopopr 
------+---------
(0 rows)

SELECT	ctid, amopmethod 
FROM	pg_catalog.pg_amop fk 
WHERE	amopmethod != 0 AND 
	NOT EXISTS(SELECT 1 FROM pg_catalog.pg_am pk WHERE pk.oid = fk.amopmethod);
INFO:  GPORCA failed to produce a plan, falling back to planner
 ctid | amopmethod 
------+------------
(0 rows)

SELECT	ctid, amprocfamily 
FROM	pg_catalog.pg_amproc fk 
WHERE	amprocfamily != 0 AND 
	NOT EXISTS(SELECT 1 FROM pg_catalog.pg_opfamily pk WHERE pk.oid = fk.amprocfamily);
INFO:  GPORCA failed to produce a plan, falling back to planner
 ctid | amprocfamily 
------+--------------
(0 rows)

SELECT	ctid, amproclefttype 
FROM	pg_catalog.pg_amproc fk 
WHERE	amproclefttype != 0 AND 
	NOT EXISTS(SELECT 1 FROM pg_catalog.pg_type pk WHERE pk.oid = fk.amproclefttype);
INFO:  GPORCA failed to produce a plan, falling back to planner
 ctid | amproclefttype 
------+----------------
(0 rows)

SELECT	ctid, amprocrighttype 
FROM	pg_catalog.pg_amproc fk 
WHERE	amprocrighttype != 0 AND 
	NOT EXISTS(SELECT 1 FROM pg_catalog.pg_type pk WHERE pk.oid = fk.amprocrighttype);
INFO:  GPORCA failed to produce a plan, falling back to planner
 ctid | amprocrighttype 
------+-----------------
(0 rows)

SELECT	ctid, amproc 
FROM	pg_catalog.pg_amproc fk 
WHERE	amproc != 0 AND 
	NOT EXISTS(SELECT 1 FROM pg_catalog.pg_proc pk WHERE pk.oid = fk.amproc);
INFO:  GPORCA failed to produce a plan, falling back to planner
 ctid | amproc 
------+--------
(0 rows)

SELECT	ctid, attrelid 
FROM	pg_catalog.pg_attribute fk 
WHERE	attrelid != 0 AND 
	NOT EXISTS(SELECT 1 FROM pg_catalog.pg_class pk WHERE pk.oid = fk.attrelid);
INFO:  GPORCA failed to produce a plan, falling back to planner
 ctid | attrelid 
------+----------
(0 rows)

SELECT	ctid, atttypid 
FROM	pg_catalog.pg_attribute fk 
WHERE	atttypid != 0 AND 
	NOT EXISTS(SELECT 1 FROM pg_catalog.pg_type pk WHERE pk.oid = fk.atttypid);
INFO:  GPORCA failed to produce a plan, falling back to planner
 ctid | atttypid 
------+----------
(0 rows)

SELECT	ctid, castsource 
FROM	pg_catalog.pg_cast fk 
WHERE	castsource != 0 AND 
	NOT EXISTS(SELECT 1 FROM pg_catalog.pg_type pk WHERE pk.oid = fk.castsource);
INFO:  GPORCA failed to produce a plan, falling back to planner
 ctid | castsource 
------+------------
(0 rows)

SELECT	ctid, casttarget 
FROM	pg_catalog.pg_cast fk 
WHERE	casttarget != 0 AND 
	NOT EXISTS(SELECT 1 FROM pg_catalog.pg_type pk WHERE pk.oid = fk.casttarget);
INFO:  GPORCA failed to produce a plan, falling back to planner
 ctid | casttarget 
------+------------
(0 rows)

SELECT	ctid, castfunc 
FROM	pg_catalog.pg_cast fk 
WHERE	castfunc != 0 AND 
	NOT EXISTS(SELECT 1 FROM pg_catalog.pg_proc pk WHERE pk.oid = fk.castfunc);
INFO:  GPORCA failed to produce a plan, falling back to planner
 ctid | castfunc 
------+----------
(0 rows)

SELECT	ctid, relnamespace 
FROM	pg_catalog.pg_class fk 
WHERE	relnamespace != 0 AND 
	NOT EXISTS(SELECT 1 FROM pg_catalog.pg_namespace pk WHERE pk.oid = fk.relnamespace);
INFO:  GPORCA failed to produce a plan, falling back to planner
 ctid | relnamespace 
------+--------------
(0 rows)

SELECT	ctid, reltype 
FROM	pg_catalog.pg_class fk 
WHERE	reltype != 0 AND 
	NOT EXISTS(SELECT 1 FROM pg_catalog.pg_type pk WHERE pk.oid = fk.reltype);
INFO:  GPORCA failed to produce a plan, falling back to planner
 ctid | reltype 
------+---------
(0 rows)

SELECT	ctid, relowner 
FROM	pg_catalog.pg_class fk 
WHERE	relowner != 0 AND 
	NOT EXISTS(SELECT 1 FROM pg_catalog.pg_authid pk WHERE pk.oid = fk.relowner);
INFO:  GPORCA failed to produce a plan, falling back to planner
 ctid | relowner 
------+----------
(0 rows)

SELECT	ctid, relam 
FROM	pg_catalog.pg_class fk 
WHERE	relam != 0 AND 
	NOT EXISTS(SELECT 1 FROM pg_catalog.pg_am pk WHERE pk.oid = fk.relam);
INFO:  GPORCA failed to produce a plan, falling back to planner
 ctid | relam 
------+-------
(0 rows)

SELECT	ctid, reltablespace 
FROM	pg_catalog.pg_class fk 
WHERE	reltablespace != 0 AND 
	NOT EXISTS(SELECT 1 FROM pg_catalog.pg_tablespace pk WHERE pk.oid = fk.reltablespace);
INFO:  GPORCA failed to produce a plan, falling back to planner
 ctid | reltablespace 
------+---------------
(0 rows)

SELECT	ctid, reltoastrelid 
FROM	pg_catalog.pg_class fk 
WHERE	reltoastrelid != 0 AND 
	NOT EXISTS(SELECT 1 FROM pg_catalog.pg_class pk WHERE pk.oid = fk.reltoastrelid);
INFO:  GPORCA failed to produce a plan, falling back to planner
 ctid | reltoastrelid 
------+---------------
(0 rows)

SELECT	ctid, reltoastidxid 
FROM	pg_catalog.pg_class fk 
WHERE	reltoastidxid != 0 AND 
	NOT EXISTS(SELECT 1 FROM pg_catalog.pg_class pk WHERE pk.oid = fk.reltoastidxid);
INFO:  GPORCA failed to produce a plan, falling back to planner
 ctid | reltoastidxid 
------+---------------
(0 rows)

SELECT	ctid, connamespace 
FROM	pg_catalog.pg_constraint fk 
WHERE	connamespace != 0 AND 
	NOT EXISTS(SELECT 1 FROM pg_catalog.pg_namespace pk WHERE pk.oid = fk.connamespace);
INFO:  GPORCA failed to produce a plan, falling back to planner
 ctid | connamespace 
------+--------------
(0 rows)

SELECT	ctid, contypid 
FROM	pg_catalog.pg_constraint fk 
WHERE	contypid != 0 AND 
	NOT EXISTS(SELECT 1 FROM pg_catalog.pg_type pk WHERE pk.oid = fk.contypid);
INFO:  GPORCA failed to produce a plan, falling back to planner
 ctid | contypid 
------+----------
(0 rows)

SELECT	ctid, connamespace 
FROM	pg_catalog.pg_conversion fk 
WHERE	connamespace != 0 AND 
	NOT EXISTS(SELECT 1 FROM pg_catalog.pg_namespace pk WHERE pk.oid = fk.connamespace);
INFO:  GPORCA failed to produce a plan, falling back to planner
 ctid | connamespace 
------+--------------
(0 rows)

SELECT	ctid, conowner 
FROM	pg_catalog.pg_conversion fk 
WHERE	conowner != 0 AND 
	NOT EXISTS(SELECT 1 FROM pg_catalog.pg_authid pk WHERE pk.oid = fk.conowner);
INFO:  GPORCA failed to produce a plan, falling back to planner
 ctid | conowner 
------+----------
(0 rows)

SELECT	ctid, conproc 
FROM	pg_catalog.pg_conversion fk 
WHERE	conproc != 0 AND 
	NOT EXISTS(SELECT 1 FROM pg_catalog.pg_proc pk WHERE pk.oid = fk.conproc);
INFO:  GPORCA failed to produce a plan, falling back to planner
 ctid | conproc 
------+---------
(0 rows)

SELECT	ctid, datdba 
FROM	pg_catalog.pg_database fk 
WHERE	datdba != 0 AND 
	NOT EXISTS(SELECT 1 FROM pg_catalog.pg_authid pk WHERE pk.oid = fk.datdba);
INFO:  GPORCA failed to produce a plan, falling back to planner
 ctid | datdba 
------+--------
(0 rows)

SELECT	ctid, dattablespace 
FROM	pg_catalog.pg_database fk 
WHERE	dattablespace != 0 AND 
	NOT EXISTS(SELECT 1 FROM pg_catalog.pg_tablespace pk WHERE pk.oid = fk.dattablespace);
INFO:  GPORCA failed to produce a plan, falling back to planner
 ctid | dattablespace 
------+---------------
(0 rows)

SELECT	ctid, classid 
FROM	pg_catalog.pg_depend fk 
WHERE	classid != 0 AND 
	NOT EXISTS(SELECT 1 FROM pg_catalog.pg_class pk WHERE pk.oid = fk.classid);
INFO:  GPORCA failed to produce a plan, falling back to planner
 ctid | classid 
------+---------
(0 rows)

SELECT	ctid, refclassid 
FROM	pg_catalog.pg_depend fk 
WHERE	refclassid != 0 AND 
	NOT EXISTS(SELECT 1 FROM pg_catalog.pg_class pk WHERE pk.oid = fk.refclassid);
INFO:  GPORCA failed to produce a plan, falling back to planner
 ctid | refclassid 
------+------------
(0 rows)

SELECT	ctid, classoid 
FROM	pg_catalog.pg_description fk 
WHERE	classoid != 0 AND 
	NOT EXISTS(SELECT 1 FROM pg_catalog.pg_class pk WHERE pk.oid = fk.classoid);
INFO:  GPORCA failed to produce a plan, falling back to planner
 ctid | classoid 
------+----------
(0 rows)

SELECT	ctid, indexrelid 
FROM	pg_catalog.pg_index fk 
WHERE	indexrelid != 0 AND 
	NOT EXISTS(SELECT 1 FROM pg_catalog.pg_class pk WHERE pk.oid = fk.indexrelid);
INFO:  GPORCA failed to produce a plan, falling back to planner
 ctid | indexrelid 
------+------------
(0 rows)

SELECT	ctid, indrelid 
FROM	pg_catalog.pg_index fk 
WHERE	indrelid != 0 AND 
	NOT EXISTS(SELECT 1 FROM pg_catalog.pg_class pk WHERE pk.oid = fk.indrelid);
INFO:  GPORCA failed to produce a plan, falling back to planner
 ctid | indrelid 
------+----------
(0 rows)

SELECT	ctid, lanowner 
FROM	pg_catalog.pg_language fk 
WHERE	lanowner != 0 AND 
	NOT EXISTS(SELECT 1 FROM pg_catalog.pg_authid pk WHERE pk.oid = fk.lanowner);
INFO:  GPORCA failed to produce a plan, falling back to planner
 ctid | lanowner 
------+----------
(0 rows)

SELECT	ctid, lanvalidator 
FROM	pg_catalog.pg_language fk 
WHERE	lanvalidator != 0 AND 
	NOT EXISTS(SELECT 1 FROM pg_catalog.pg_proc pk WHERE pk.oid = fk.lanvalidator);
INFO:  GPORCA failed to produce a plan, falling back to planner
 ctid | lanvalidator 
------+--------------
(0 rows)

SELECT	ctid, nspowner 
FROM	pg_catalog.pg_namespace fk 
WHERE	nspowner != 0 AND 
	NOT EXISTS(SELECT 1 FROM pg_catalog.pg_authid pk WHERE pk.oid = fk.nspowner);
INFO:  GPORCA failed to produce a plan, falling back to planner
 ctid | nspowner 
------+----------
(0 rows)

SELECT	ctid, opcmethod 
FROM	pg_catalog.pg_opclass fk 
WHERE	opcmethod != 0 AND 
	NOT EXISTS(SELECT 1 FROM pg_catalog.pg_am pk WHERE pk.oid = fk.opcmethod);
INFO:  GPORCA failed to produce a plan, falling back to planner
 ctid | opcmethod 
------+-----------
(0 rows)

SELECT	ctid, opcnamespace 
FROM	pg_catalog.pg_opclass fk 
WHERE	opcnamespace != 0 AND 
	NOT EXISTS(SELECT 1 FROM pg_catalog.pg_namespace pk WHERE pk.oid = fk.opcnamespace);
INFO:  GPORCA failed to produce a plan, falling back to planner
 ctid | opcnamespace 
------+--------------
(0 rows)

SELECT	ctid, opcowner 
FROM	pg_catalog.pg_opclass fk 
WHERE	opcowner != 0 AND 
	NOT EXISTS(SELECT 1 FROM pg_catalog.pg_authid pk WHERE pk.oid = fk.opcowner);
INFO:  GPORCA failed to produce a plan, falling back to planner
 ctid | opcowner 
------+----------
(0 rows)

SELECT	ctid, opcfamily 
FROM	pg_catalog.pg_opclass fk 
WHERE	opcfamily != 0 AND 
	NOT EXISTS(SELECT 1 FROM pg_catalog.pg_opfamily pk WHERE pk.oid = fk.opcfamily);
INFO:  GPORCA failed to produce a plan, falling back to planner
 ctid | opcfamily 
------+-----------
(0 rows)

SELECT	ctid, opcintype 
FROM	pg_catalog.pg_opclass fk 
WHERE	opcintype != 0 AND 
	NOT EXISTS(SELECT 1 FROM pg_catalog.pg_type pk WHERE pk.oid = fk.opcintype);
INFO:  GPORCA failed to produce a plan, falling back to planner
 ctid | opcintype 
------+-----------
(0 rows)

SELECT	ctid, opckeytype 
FROM	pg_catalog.pg_opclass fk 
WHERE	opckeytype != 0 AND 
	NOT EXISTS(SELECT 1 FROM pg_catalog.pg_type pk WHERE pk.oid = fk.opckeytype);
INFO:  GPORCA failed to produce a plan, falling back to planner
 ctid | opckeytype 
------+------------
(0 rows)

SELECT	ctid, oprnamespace 
FROM	pg_catalog.pg_operator fk 
WHERE	oprnamespace != 0 AND 
	NOT EXISTS(SELECT 1 FROM pg_catalog.pg_namespace pk WHERE pk.oid = fk.oprnamespace);
INFO:  GPORCA failed to produce a plan, falling back to planner
 ctid | oprnamespace 
------+--------------
(0 rows)

SELECT	ctid, oprowner 
FROM	pg_catalog.pg_operator fk 
WHERE	oprowner != 0 AND 
	NOT EXISTS(SELECT 1 FROM pg_catalog.pg_authid pk WHERE pk.oid = fk.oprowner);
INFO:  GPORCA failed to produce a plan, falling back to planner
 ctid | oprowner 
------+----------
(0 rows)

SELECT	ctid, oprleft 
FROM	pg_catalog.pg_operator fk 
WHERE	oprleft != 0 AND 
	NOT EXISTS(SELECT 1 FROM pg_catalog.pg_type pk WHERE pk.oid = fk.oprleft);
INFO:  GPORCA failed to produce a plan, falling back to planner
 ctid | oprleft 
------+---------
(0 rows)

SELECT	ctid, oprright 
FROM	pg_catalog.pg_operator fk 
WHERE	oprright != 0 AND 
	NOT EXISTS(SELECT 1 FROM pg_catalog.pg_type pk WHERE pk.oid = fk.oprright);
INFO:  GPORCA failed to produce a plan, falling back to planner
 ctid | oprright 
------+----------
(0 rows)

SELECT	ctid, oprresult 
FROM	pg_catalog.pg_operator fk 
WHERE	oprresult != 0 AND 
	NOT EXISTS(SELECT 1 FROM pg_catalog.pg_type pk WHERE pk.oid = fk.oprresult);
INFO:  GPORCA failed to produce a plan, falling back to planner
 ctid | oprresult 
------+-----------
(0 rows)

SELECT	ctid, oprcom 
FROM	pg_catalog.pg_operator fk 
WHERE	oprcom != 0 AND 
	NOT EXISTS(SELECT 1 FROM pg_catalog.pg_operator pk WHERE pk.oid = fk.oprcom);
INFO:  GPORCA failed to produce a plan, falling back to planner
 ctid | oprcom 
------+--------
(0 rows)

SELECT	ctid, oprnegate 
FROM	pg_catalog.pg_operator fk 
WHERE	oprnegate != 0 AND 
	NOT EXISTS(SELECT 1 FROM pg_catalog.pg_operator pk WHERE pk.oid = fk.oprnegate);
INFO:  GPORCA failed to produce a plan, falling back to planner
 ctid | oprnegate 
------+-----------
(0 rows)

SELECT	ctid, oprcode 
FROM	pg_catalog.pg_operator fk 
WHERE	oprcode != 0 AND 
	NOT EXISTS(SELECT 1 FROM pg_catalog.pg_proc pk WHERE pk.oid = fk.oprcode);
INFO:  GPORCA failed to produce a plan, falling back to planner
 ctid | oprcode 
------+---------
(0 rows)

SELECT	ctid, oprrest 
FROM	pg_catalog.pg_operator fk 
WHERE	oprrest != 0 AND 
	NOT EXISTS(SELECT 1 FROM pg_catalog.pg_proc pk WHERE pk.oid = fk.oprrest);
INFO:  GPORCA failed to produce a plan, falling back to planner
 ctid | oprrest 
------+---------
(0 rows)

SELECT	ctid, oprjoin 
FROM	pg_catalog.pg_operator fk 
WHERE	oprjoin != 0 AND 
	NOT EXISTS(SELECT 1 FROM pg_catalog.pg_proc pk WHERE pk.oid = fk.oprjoin);
INFO:  GPORCA failed to produce a plan, falling back to planner
 ctid | oprjoin 
------+---------
(0 rows)

SELECT	ctid, opfmethod 
FROM	pg_catalog.pg_opfamily fk 
WHERE	opfmethod != 0 AND 
	NOT EXISTS(SELECT 1 FROM pg_catalog.pg_am pk WHERE pk.oid = fk.opfmethod);
INFO:  GPORCA failed to produce a plan, falling back to planner
 ctid | opfmethod 
------+-----------
(0 rows)

SELECT	ctid, opfnamespace 
FROM	pg_catalog.pg_opfamily fk 
WHERE	opfnamespace != 0 AND 
	NOT EXISTS(SELECT 1 FROM pg_catalog.pg_namespace pk WHERE pk.oid = fk.opfnamespace);
INFO:  GPORCA failed to produce a plan, falling back to planner
 ctid | opfnamespace 
------+--------------
(0 rows)

SELECT	ctid, opfowner 
FROM	pg_catalog.pg_opfamily fk 
WHERE	opfowner != 0 AND 
	NOT EXISTS(SELECT 1 FROM pg_catalog.pg_authid pk WHERE pk.oid = fk.opfowner);
INFO:  GPORCA failed to produce a plan, falling back to planner
 ctid | opfowner 
------+----------
(0 rows)

SELECT	ctid, pronamespace 
FROM	pg_catalog.pg_proc fk 
WHERE	pronamespace != 0 AND 
	NOT EXISTS(SELECT 1 FROM pg_catalog.pg_namespace pk WHERE pk.oid = fk.pronamespace);
INFO:  GPORCA failed to produce a plan, falling back to planner
 ctid | pronamespace 
------+--------------
(0 rows)

SELECT	ctid, proowner 
FROM	pg_catalog.pg_proc fk 
WHERE	proowner != 0 AND 
	NOT EXISTS(SELECT 1 FROM pg_catalog.pg_authid pk WHERE pk.oid = fk.proowner);
INFO:  GPORCA failed to produce a plan, falling back to planner
 ctid | proowner 
------+----------
(0 rows)

SELECT	ctid, prolang 
FROM	pg_catalog.pg_proc fk 
WHERE	prolang != 0 AND 
	NOT EXISTS(SELECT 1 FROM pg_catalog.pg_language pk WHERE pk.oid = fk.prolang);
INFO:  GPORCA failed to produce a plan, falling back to planner
 ctid | prolang 
------+---------
(0 rows)

SELECT	ctid, prorettype 
FROM	pg_catalog.pg_proc fk 
WHERE	prorettype != 0 AND 
	NOT EXISTS(SELECT 1 FROM pg_catalog.pg_type pk WHERE pk.oid = fk.prorettype);
INFO:  GPORCA failed to produce a plan, falling back to planner
 ctid | prorettype 
------+------------
(0 rows)

SELECT	ctid, ev_class 
FROM	pg_catalog.pg_rewrite fk 
WHERE	ev_class != 0 AND 
	NOT EXISTS(SELECT 1 FROM pg_catalog.pg_class pk WHERE pk.oid = fk.ev_class);
INFO:  GPORCA failed to produce a plan, falling back to planner
 ctid | ev_class 
------+----------
(0 rows)

SELECT	ctid, refclassid 
FROM	pg_catalog.pg_shdepend fk 
WHERE	refclassid != 0 AND 
	NOT EXISTS(SELECT 1 FROM pg_catalog.pg_class pk WHERE pk.oid = fk.refclassid);
INFO:  GPORCA failed to produce a plan, falling back to planner
 ctid | refclassid 
------+------------
(0 rows)

SELECT	ctid, classoid 
FROM	pg_catalog.pg_shdescription fk 
WHERE	classoid != 0 AND 
	NOT EXISTS(SELECT 1 FROM pg_catalog.pg_class pk WHERE pk.oid = fk.classoid);
INFO:  GPORCA failed to produce a plan, falling back to planner
 ctid | classoid 
------+----------
(0 rows)

SELECT	ctid, starelid 
FROM	pg_catalog.pg_statistic fk 
WHERE	starelid != 0 AND 
	NOT EXISTS(SELECT 1 FROM pg_catalog.pg_class pk WHERE pk.oid = fk.starelid);
INFO:  GPORCA failed to produce a plan, falling back to planner
 ctid | starelid 
------+----------
(0 rows)

SELECT	ctid, staop1 
FROM	pg_catalog.pg_statistic fk 
WHERE	staop1 != 0 AND 
	NOT EXISTS(SELECT 1 FROM pg_catalog.pg_operator pk WHERE pk.oid = fk.staop1);
INFO:  GPORCA failed to produce a plan, falling back to planner
 ctid | staop1 
------+--------
(0 rows)

SELECT	ctid, staop2 
FROM	pg_catalog.pg_statistic fk 
WHERE	staop2 != 0 AND 
	NOT EXISTS(SELECT 1 FROM pg_catalog.pg_operator pk WHERE pk.oid = fk.staop2);
INFO:  GPORCA failed to produce a plan, falling back to planner
 ctid | staop2 
------+--------
(0 rows)

SELECT	ctid, staop3 
FROM	pg_catalog.pg_statistic fk 
WHERE	staop3 != 0 AND 
	NOT EXISTS(SELECT 1 FROM pg_catalog.pg_operator pk WHERE pk.oid = fk.staop3);
INFO:  GPORCA failed to produce a plan, falling back to planner
 ctid | staop3 
------+--------
(0 rows)

SELECT	ctid, spcowner 
FROM	pg_catalog.pg_tablespace fk 
WHERE	spcowner != 0 AND 
	NOT EXISTS(SELECT 1 FROM pg_catalog.pg_authid pk WHERE pk.oid = fk.spcowner);
INFO:  GPORCA failed to produce a plan, falling back to planner
 ctid | spcowner 
------+----------
(0 rows)

SELECT	ctid, tgrelid 
FROM	pg_catalog.pg_trigger fk 
WHERE	tgrelid != 0 AND 
	NOT EXISTS(SELECT 1 FROM pg_catalog.pg_class pk WHERE pk.oid = fk.tgrelid);
INFO:  GPORCA failed to produce a plan, falling back to planner
 ctid | tgrelid 
------+---------
(0 rows)

SELECT	ctid, tgfoid 
FROM	pg_catalog.pg_trigger fk 
WHERE	tgfoid != 0 AND 
	NOT EXISTS(SELECT 1 FROM pg_catalog.pg_proc pk WHERE pk.oid = fk.tgfoid);
INFO:  GPORCA failed to produce a plan, falling back to planner
 ctid | tgfoid 
------+--------
(0 rows)

SELECT	ctid, cfgnamespace 
FROM	pg_catalog.pg_ts_config fk 
WHERE	cfgnamespace != 0 AND 
	NOT EXISTS(SELECT 1 FROM pg_catalog.pg_namespace pk WHERE pk.oid = fk.cfgnamespace);
INFO:  GPORCA failed to produce a plan, falling back to planner
 ctid | cfgnamespace 
------+--------------
(0 rows)

SELECT	ctid, cfgowner 
FROM	pg_catalog.pg_ts_config fk 
WHERE	cfgowner != 0 AND 
	NOT EXISTS(SELECT 1 FROM pg_catalog.pg_authid pk WHERE pk.oid = fk.cfgowner);
INFO:  GPORCA failed to produce a plan, falling back to planner
 ctid | cfgowner 
------+----------
(0 rows)

SELECT	ctid, cfgparser 
FROM	pg_catalog.pg_ts_config fk 
WHERE	cfgparser != 0 AND 
	NOT EXISTS(SELECT 1 FROM pg_catalog.pg_ts_parser pk WHERE pk.oid = fk.cfgparser);
INFO:  GPORCA failed to produce a plan, falling back to planner
 ctid | cfgparser 
------+-----------
(0 rows)

SELECT	ctid, mapcfg 
FROM	pg_catalog.pg_ts_config_map fk 
WHERE	mapcfg != 0 AND 
	NOT EXISTS(SELECT 1 FROM pg_catalog.pg_ts_config pk WHERE pk.oid = fk.mapcfg);
INFO:  GPORCA failed to produce a plan, falling back to planner
 ctid | mapcfg 
------+--------
(0 rows)

SELECT	ctid, mapdict 
FROM	pg_catalog.pg_ts_config_map fk 
WHERE	mapdict != 0 AND 
	NOT EXISTS(SELECT 1 FROM pg_catalog.pg_ts_dict pk WHERE pk.oid = fk.mapdict);
INFO:  GPORCA failed to produce a plan, falling back to planner
 ctid | mapdict 
------+---------
(0 rows)

SELECT	ctid, dictnamespace 
FROM	pg_catalog.pg_ts_dict fk 
WHERE	dictnamespace != 0 AND 
	NOT EXISTS(SELECT 1 FROM pg_catalog.pg_namespace pk WHERE pk.oid = fk.dictnamespace);
INFO:  GPORCA failed to produce a plan, falling back to planner
 ctid | dictnamespace 
------+---------------
(0 rows)

SELECT	ctid, dictowner 
FROM	pg_catalog.pg_ts_dict fk 
WHERE	dictowner != 0 AND 
	NOT EXISTS(SELECT 1 FROM pg_catalog.pg_authid pk WHERE pk.oid = fk.dictowner);
INFO:  GPORCA failed to produce a plan, falling back to planner
 ctid | dictowner 
------+-----------
(0 rows)

SELECT	ctid, dicttemplate 
FROM	pg_catalog.pg_ts_dict fk 
WHERE	dicttemplate != 0 AND 
	NOT EXISTS(SELECT 1 FROM pg_catalog.pg_ts_template pk WHERE pk.oid = fk.dicttemplate);
INFO:  GPORCA failed to produce a plan, falling back to planner
 ctid | dicttemplate 
------+--------------
(0 rows)

SELECT	ctid, prsnamespace 
FROM	pg_catalog.pg_ts_parser fk 
WHERE	prsnamespace != 0 AND 
	NOT EXISTS(SELECT 1 FROM pg_catalog.pg_namespace pk WHERE pk.oid = fk.prsnamespace);
INFO:  GPORCA failed to produce a plan, falling back to planner
 ctid | prsnamespace 
------+--------------
(0 rows)

SELECT	ctid, prsstart 
FROM	pg_catalog.pg_ts_parser fk 
WHERE	prsstart != 0 AND 
	NOT EXISTS(SELECT 1 FROM pg_catalog.pg_proc pk WHERE pk.oid = fk.prsstart);
INFO:  GPORCA failed to produce a plan, falling back to planner
 ctid | prsstart 
------+----------
(0 rows)

SELECT	ctid, prstoken 
FROM	pg_catalog.pg_ts_parser fk 
WHERE	prstoken != 0 AND 
	NOT EXISTS(SELECT 1 FROM pg_catalog.pg_proc pk WHERE pk.oid = fk.prstoken);
INFO:  GPORCA failed to produce a plan, falling back to planner
 ctid | prstoken 
------+----------
(0 rows)

SELECT	ctid, prsend 
FROM	pg_catalog.pg_ts_parser fk 
WHERE	prsend != 0 AND 
	NOT EXISTS(SELECT 1 FROM pg_catalog.pg_proc pk WHERE pk.oid = fk.prsend);
INFO:  GPORCA failed to produce a plan, falling back to planner
 ctid | prsend 
------+--------
(0 rows)

SELECT	ctid, prsheadline 
FROM	pg_catalog.pg_ts_parser fk 
WHERE	prsheadline != 0 AND 
	NOT EXISTS(SELECT 1 FROM pg_catalog.pg_proc pk WHERE pk.oid = fk.prsheadline);
INFO:  GPORCA failed to produce a plan, falling back to planner
 ctid | prsheadline 
------+-------------
(0 rows)

SELECT	ctid, prslextype 
FROM	pg_catalog.pg_ts_parser fk 
WHERE	prslextype != 0 AND 
	NOT EXISTS(SELECT 1 FROM pg_catalog.pg_proc pk WHERE pk.oid = fk.prslextype);
INFO:  GPORCA failed to produce a plan, falling back to planner
 ctid | prslextype 
------+------------
(0 rows)

SELECT	ctid, tmplnamespace 
FROM	pg_catalog.pg_ts_template fk 
WHERE	tmplnamespace != 0 AND 
	NOT EXISTS(SELECT 1 FROM pg_catalog.pg_namespace pk WHERE pk.oid = fk.tmplnamespace);
INFO:  GPORCA failed to produce a plan, falling back to planner
 ctid | tmplnamespace 
------+---------------
(0 rows)

SELECT	ctid, tmplinit 
FROM	pg_catalog.pg_ts_template fk 
WHERE	tmplinit != 0 AND 
	NOT EXISTS(SELECT 1 FROM pg_catalog.pg_proc pk WHERE pk.oid = fk.tmplinit);
INFO:  GPORCA failed to produce a plan, falling back to planner
 ctid | tmplinit 
------+----------
(0 rows)

SELECT	ctid, tmpllexize 
FROM	pg_catalog.pg_ts_template fk 
WHERE	tmpllexize != 0 AND 
	NOT EXISTS(SELECT 1 FROM pg_catalog.pg_proc pk WHERE pk.oid = fk.tmpllexize);
INFO:  GPORCA failed to produce a plan, falling back to planner
 ctid | tmpllexize 
------+------------
(0 rows)

SELECT	ctid, typnamespace 
FROM	pg_catalog.pg_type fk 
WHERE	typnamespace != 0 AND 
	NOT EXISTS(SELECT 1 FROM pg_catalog.pg_namespace pk WHERE pk.oid = fk.typnamespace);
INFO:  GPORCA failed to produce a plan, falling back to planner
 ctid | typnamespace 
------+--------------
(0 rows)

SELECT	ctid, typowner 
FROM	pg_catalog.pg_type fk 
WHERE	typowner != 0 AND 
	NOT EXISTS(SELECT 1 FROM pg_catalog.pg_authid pk WHERE pk.oid = fk.typowner);
INFO:  GPORCA failed to produce a plan, falling back to planner
 ctid | typowner 
------+----------
(0 rows)

SELECT	ctid, typrelid 
FROM	pg_catalog.pg_type fk 
WHERE	typrelid != 0 AND 
	NOT EXISTS(SELECT 1 FROM pg_catalog.pg_class pk WHERE pk.oid = fk.typrelid);
INFO:  GPORCA failed to produce a plan, falling back to planner
 ctid | typrelid 
------+----------
(0 rows)

SELECT	ctid, typelem 
FROM	pg_catalog.pg_type fk 
WHERE	typelem != 0 AND 
	NOT EXISTS(SELECT 1 FROM pg_catalog.pg_type pk WHERE pk.oid = fk.typelem);
INFO:  GPORCA failed to produce a plan, falling back to planner
 ctid | typelem 
------+---------
(0 rows)

SELECT	ctid, typarray 
FROM	pg_catalog.pg_type fk 
WHERE	typarray != 0 AND 
	NOT EXISTS(SELECT 1 FROM pg_catalog.pg_type pk WHERE pk.oid = fk.typarray);
INFO:  GPORCA failed to produce a plan, falling back to planner
 ctid | typarray 
------+----------
(0 rows)

SELECT	ctid, typinput 
FROM	pg_catalog.pg_type fk 
WHERE	typinput != 0 AND 
	NOT EXISTS(SELECT 1 FROM pg_catalog.pg_proc pk WHERE pk.oid = fk.typinput);
INFO:  GPORCA failed to produce a plan, falling back to planner
 ctid | typinput 
------+----------
(0 rows)

SELECT	ctid, typoutput 
FROM	pg_catalog.pg_type fk 
WHERE	typoutput != 0 AND 
	NOT EXISTS(SELECT 1 FROM pg_catalog.pg_proc pk WHERE pk.oid = fk.typoutput);
INFO:  GPORCA failed to produce a plan, falling back to planner
 ctid | typoutput 
------+-----------
(0 rows)

SELECT	ctid, typreceive 
FROM	pg_catalog.pg_type fk 
WHERE	typreceive != 0 AND 
	NOT EXISTS(SELECT 1 FROM pg_catalog.pg_proc pk WHERE pk.oid = fk.typreceive);
INFO:  GPORCA failed to produce a plan, falling back to planner
 ctid | typreceive 
------+------------
(0 rows)

SELECT	ctid, typsend 
FROM	pg_catalog.pg_type fk 
WHERE	typsend != 0 AND 
	NOT EXISTS(SELECT 1 FROM pg_catalog.pg_proc pk WHERE pk.oid = fk.typsend);
INFO:  GPORCA failed to produce a plan, falling back to planner
 ctid | typsend 
------+---------
(0 rows)

SELECT	ctid, typmodin 
FROM	pg_catalog.pg_type fk 
WHERE	typmodin != 0 AND 
	NOT EXISTS(SELECT 1 FROM pg_catalog.pg_proc pk WHERE pk.oid = fk.typmodin);
INFO:  GPORCA failed to produce a plan, falling back to planner
 ctid | typmodin 
------+----------
(0 rows)

SELECT	ctid, typmodout 
FROM	pg_catalog.pg_type fk 
WHERE	typmodout != 0 AND 
	NOT EXISTS(SELECT 1 FROM pg_catalog.pg_proc pk WHERE pk.oid = fk.typmodout);
INFO:  GPORCA failed to produce a plan, falling back to planner
 ctid | typmodout 
------+-----------
(0 rows)

SELECT	ctid, typbasetype 
FROM	pg_catalog.pg_type fk 
WHERE	typbasetype != 0 AND 
	NOT EXISTS(SELECT 1 FROM pg_catalog.pg_type pk WHERE pk.oid = fk.typbasetype);
INFO:  GPORCA failed to produce a plan, falling back to planner
 ctid | typbasetype 
------+-------------
(0 rows)

