-- start_ignore
--
-- Greenplum Database database dump
--
SET client_encoding = 'UTF8';
SET standard_conforming_strings = off;
SET check_function_bodies = false;
SET client_min_messages = warning;
SET escape_string_warning = off;
SET default_with_oids = false;
--
-- Name: plpgsql; Type: PROCEDURAL LANGUAGE; Schema: -; Owner: gpadmin
--
CREATE LANGUAGE plpgsql;
SET search_path = public, pg_catalog;
SET default_tablespace = '';
--
-- Name: tlja; Type: TABLE; Schema: public; Owner: gpadmin; Tablespace:
--
CREATE TABLE tlja (
    rnum integer NOT NULL,
    c1 character(40),
    ord integer
) DISTRIBUTED BY (rnum);
--
-- Name: tlja_jp; Type: TABLE; Schema: public; Owner: gpadmin; Tablespace:
--
CREATE TABLE tlja_jp (
    rnum integer NOT NULL,
    c1 character(40),
    ord integer
) DISTRIBUTED BY (rnum);
--
-- Name: tlth; Type: TABLE; Schema: public; Owner: gpadmin; Tablespace:
--
CREATE TABLE tlth (
    rnum integer NOT NULL,
    c1 character(40),
    ord integer
) DISTRIBUTED BY (rnum);
--
-- Name: tltr; Type: TABLE; Schema: public; Owner: gpadmin; Tablespace:
--
CREATE TABLE tltr (
    rnum integer NOT NULL,
    c1 character(40),
    ord integer
) DISTRIBUTED BY (rnum);
--
-- Name: tversion; Type: TABLE; Schema: public; Owner: gpadmin; Tablespace:
--
CREATE TABLE tversion (
    rnum integer NOT NULL,
    c1 integer,
    cver character(6),
    cnnull integer,
    ccnull character(1)
) DISTRIBUTED BY (rnum);
--
-- Data for Name: tlja; Type: TABLE DATA; Schema: public; Owner: gpadmin
--
COPY tlja (rnum, c1, ord) FROM stdin;
--
-- Data for Name: tlja_jp; Type: TABLE DATA; Schema: public; Owner: gpadmin
--
COPY tlja_jp (rnum, c1, ord) FROM stdin;
--
-- Data for Name: tlth; Type: TABLE DATA; Schema: public; Owner: gpadmin
--
COPY tlth (rnum, c1, ord) FROM stdin;
--
-- Data for Name: tltr; Type: TABLE DATA; Schema: public; Owner: gpadmin
--
COPY tltr (rnum, c1, ord) FROM stdin;
--
-- Data for Name: tversion; Type: TABLE DATA; Schema: public; Owner: gpadmin
--
COPY tversion (rnum, c1, cver, cnnull, ccnull) FROM stdin;
-- SelectJapaneseColumnConcat_p1
select 'SelectJapaneseColumnConcat_p1' test_name_part, case when c = 1 then 1 else 0 end pass_ind from (
select count(distinct c) c from (
select f1,f2, count(*) c  from (
select 47 f1, '「２」計画音声認識                  ' f2 from tversion union
select rnum, '「２」計画' || c1 from tlja where rnum = 47
) Q
group by
f1,f2
) Q ) P;
        test_name_part         | pass_ind 
-------------------------------+----------
 SelectJapaneseColumnConcat_p1 |        1
(1 row)

-- SelectJapaneseColumnLower_p1
select 'SelectJapaneseColumnLower_p1' test_name_part, case when c = 1 then 1 else 0 end pass_ind from (
select count(distinct c) c from (
select f1,f2, count(*) c  from (
select 47 f1, '音声認識                  ' f2 from tversion union
select rnum, lower(c1) from tlja where rnum = 47
) Q
group by
f1,f2
) Q ) P;
        test_name_part        | pass_ind 
------------------------------+----------
 SelectJapaneseColumnLower_p1 |        1
(1 row)

-- SelectJapaneseColumnOrderByLocal_p1
select 'SelectJapaneseColumnOrderByLocal_p1' test_name_part, case when c = 1 then 1 else 0 end pass_ind from (
select count(distinct c) c from (
select f1,f2, count(*) c  from (
select  00000000000000000000000000000000000011 f1, '(1)ｲﾝﾃﾞｯｸｽ      ' f2 from tversion union
select  00000000000000000000000000000000000010 f1, '400ｒａｎｋｕ            ' f2 from tversion union
select  00000000000000000000000000000000000009 f1, '666Sink                       ' f2 from tversion union
select  00000000000000000000000000000000000014 f1, 'P-Cabels                      ' f2 from tversion union
select  00000000000000000000000000000000000013 f1, 'R-Bench                       ' f2 from tversion union
select  00000000000000000000000000000000000007 f1, '⑤号線路                  ' f2 from tversion union
select  00000000000000000000000000000000000008 f1, '「２」計画               ' f2 from tversion union
select  00000000000000000000000000000000000040 f1, 'さんしょう               ' f2 from tversion union
select  00000000000000000000000000000000000041 f1, 'ざぶと                     ' f2 from tversion union
select  00000000000000000000000000000000000037 f1, 'せっけい                  ' f2 from tversion union
select  00000000000000000000000000000000000036 f1, 'せんたくざい            ' f2 from tversion union
select  00000000000000000000000000000000000039 f1, 'はっぽ                     ' f2 from tversion union
select  00000000000000000000000000000000000038 f1, 'はつ剤                     ' f2 from tversion union
select  00000000000000000000000000000000000027 f1, 'エコー                     ' f2 from tversion union
select  00000000000000000000000000000000000026 f1, 'エチャント               ' f2 from tversion union
select  00000000000000000000000000000000000025 f1, 'ガード                     ' f2 from tversion union
select  00000000000000000000000000000000000028 f1, 'コート                     ' f2 from tversion union
select  00000000000000000000000000000000000029 f1, 'ゴム                        ' f2 from tversion union
select  00000000000000000000000000000000000030 f1, 'スワップ                  ' f2 from tversion union
select  00000000000000000000000000000000000031 f1, 'ズボン                     ' f2 from tversion union
select  00000000000000000000000000000000000032 f1, 'ダイエル                  ' f2 from tversion union
select  00000000000000000000000000000000000034 f1, 'ファイル                  ' f2 from tversion union
select  00000000000000000000000000000000000033 f1, 'フィルター               ' f2 from tversion union
select  00000000000000000000000000000000000035 f1, 'フッコク                  ' f2 from tversion union
select  00000000000000000000000000000000000050 f1, '国家利益                  ' f2 from tversion union
select  00000000000000000000000000000000000048 f1, '国立公園                  ' f2 from tversion union
select  00000000000000000000000000000000000049 f1, '国立大学                  ' f2 from tversion union
select  00000000000000000000000000000000000046 f1, '暗視                        ' f2 from tversion union
select  00000000000000000000000000000000000044 f1, '記載                        ' f2 from tversion union
select  00000000000000000000000000000000000043 f1, '記録機                     ' f2 from tversion union
select  00000000000000000000000000000000000047 f1, '音声認識                  ' f2 from tversion union
select  00000000000000000000000000000000000045 f1, '音楽                        ' f2 from tversion union
select  00000000000000000000000000000000000042 f1, '高機能                     ' f2 from tversion union
select  00000000000000000000000000000000000005 f1, '（Ⅰ）番号列            ' f2 from tversion union
select  00000000000000000000000000000000000001 f1, '３５６CAL                  ' f2 from tversion union
select  00000000000000000000000000000000000002 f1, '９８０Series               ' f2 from tversion union
select  00000000000000000000000000000000000006 f1, '＜ⅸ＞Pattern              ' f2 from tversion union
select  00000000000000000000000000000000000003 f1, 'ＰＶＤＦ                  ' f2 from tversion union
select  00000000000000000000000000000000000004 f1, 'ＲＯＭＡＮ-８           ' f2 from tversion union
select  00000000000000000000000000000000000015 f1, 'ｱﾝｶｰ                  ' f2 from tversion union
select  00000000000000000000000000000000000016 f1, 'ｴﾝｼﾞﾝ               ' f2 from tversion union
select  00000000000000000000000000000000000019 f1, 'ｶｯﾄﾏｼﾝ            ' f2 from tversion union
select  00000000000000000000000000000000000020 f1, 'ｶｰﾄﾞ                  ' f2 from tversion union
select  00000000000000000000000000000000000018 f1, 'ｺｰﾗ                     ' f2 from tversion union
select  00000000000000000000000000000000000017 f1, 'ｺﾞｰﾙﾄﾞ            ' f2 from tversion union
select  00000000000000000000000000000000000024 f1, 'ｻｲﾌ                     ' f2 from tversion union
select  00000000000000000000000000000000000021 f1, 'ﾂｰｳｨﾝｸﾞ         ' f2 from tversion union
select  00000000000000000000000000000000000023 f1, 'ﾌｫﾙﾀﾞｰ            ' f2 from tversion union
select  00000000000000000000000000000000000022 f1, 'ﾏﾝﾎﾞ                  ' f2 from tversion union
select rnum, c1 from tlja where rnum <> 12
) Q
group by
f1,f2
) Q ) P;
           test_name_part            | pass_ind 
-------------------------------------+----------
 SelectJapaneseColumnOrderByLocal_p1 |        1
(1 row)

-- SelectJapaneseColumnWhere_p1
select 'SelectJapaneseColumnWhere_p1' test_name_part, case when c = 1 then 1 else 0 end pass_ind from (
select count(distinct c) c from (
select f1,f2, count(*) c  from (
select 47 f1, '音声認識                                ' f2 from tversion union
select rnum, c1  from tlja where c1='音声認識'
) Q
group by
f1,f2
) Q ) P;
        test_name_part        | pass_ind 
------------------------------+----------
 SelectJapaneseColumnWhere_p1 |        1
(1 row)

-- SelectJapaneseDistinctColumn_p1
select 'SelectJapaneseDistinctColumn_p1' test_name_part, case when c = 1 then 1 else 0 end pass_ind from (
select count(distinct c) c from (
select f1, count(*) c  from (
select 50 f1 from tversion union
select count (distinct c1)  from tlja
) Q
group by
f1
) Q ) P;
         test_name_part          | pass_ind 
---------------------------------+----------
 SelectJapaneseDistinctColumn_p1 |        1
(1 row)

-- SelectThaiColumnConcat_p1
select 'SelectThaiColumnConcat_p1' test_name_part, case when c = 1 then 1 else 0 end pass_ind from (
select count(distinct c) c from (
select f1,f2, count(*) c  from (
select 47 f1, '๛ก่ำ                               ' f2 from tversion union
select rnum, '๛' || c1 from tlth where rnum = 47
) Q
group by
f1,f2
) Q ) P;
      test_name_part       | pass_ind 
---------------------------+----------
 SelectThaiColumnConcat_p1 |        1
(1 row)

-- SelectThaiColumnLower_p1
select 'SelectThaiColumnLower_p1' test_name_part, case when c = 1 then 1 else 0 end pass_ind from (
select count(distinct c) c from (
select f1,f2, count(*) c  from (
select 47 f1, 'ก่ำ' f2 from tversion union
select rnum, lower(c1) from tlth where rnum=47
) Q
group by
f1,f2
) Q ) P;
      test_name_part      | pass_ind 
--------------------------+----------
 SelectThaiColumnLower_p1 |        1
(1 row)

-- SelectThaiColumnOrderByLocal_p1
select 'SelectThaiColumnOrderByLocal_p1' test_name_part, case when c = 1 then 1 else 0 end pass_ind from (
select count(distinct c) c from (
select f1,f2, count(*) c  from (
select  00000000000000000000000000000000000036 f1, ' ํ                                      ' f2 from tversion union
select  00000000000000000000000000000000000049 f1, '!                                       ' f2 from tversion union
select  00000000000000000000000000000000000020 f1, '-                                       ' f2 from tversion union
select  00000000000000000000000000000000000059 f1, '-กระจาม                                 ' f2 from tversion union
select  00000000000000000000000000000000000058 f1, '-กระจิ๋ง                                ' f2 from tversion union
select  00000000000000000000000000000000000061 f1, '-เกงกอย                                 ' f2 from tversion union
select  00000000000000000000000000000000000027 f1, '0                                       ' f2 from tversion union
select  00000000000000000000000000000000000003 f1, '00                                      ' f2 from tversion union
select  00000000000000000000000000000000000026 f1, '1                                       ' f2 from tversion union
select  00000000000000000000000000000000000057 f1, '9                                       ' f2 from tversion union
select  00000000000000000000000000000000000024 f1, 'Zulu                                    ' f2 from tversion union
select  00000000000000000000000000000000000025 f1, 'zulu                                    ' f2 from tversion union
select  00000000000000000000000000000000000054 f1, 'ก                                       ' f2 from tversion union
select  00000000000000000000000000000000000037 f1, 'ก กา                                    ' f2 from tversion union
select  00000000000000000000000000000000000074 f1, 'กก                                      ' f2 from tversion union
select  00000000000000000000000000000000000016 f1, 'กกขนาก                                  ' f2 from tversion union
select  00000000000000000000000000000000000035 f1, 'กกา                                     ' f2 from tversion union
select  00000000000000000000000000000000000034 f1, 'กกๅ                                     ' f2 from tversion union
select  00000000000000000000000000000000000066 f1, 'กง                                      ' f2 from tversion union
select  00000000000000000000000000000000000001 f1, 'กฏิ                                     ' f2 from tversion union
select  00000000000000000000000000000000000015 f1, 'กฏุก                                    ' f2 from tversion union
select  00000000000000000000000000000000000070 f1, 'กฏุก-                                   ' f2 from tversion union
select  00000000000000000000000000000000000002 f1, 'กรรมสิทธิ์ผู้แต่งหนังสือ                ' f2 from tversion union
select  00000000000000000000000000000000000010 f1, 'กรรมสิทธิ์เครื่องหมายและยี่ห้อการค้าขาย ' f2 from tversion union
select  00000000000000000000000000000000000031 f1, 'กระจาบ                                  ' f2 from tversion union
select  00000000000000000000000000000000000055 f1, 'กระจาย                                  ' f2 from tversion union
select  00000000000000000000000000000000000030 f1, 'กระจิด                                  ' f2 from tversion union
select  00000000000000000000000000000000000014 f1, 'กัง                                     ' f2 from tversion union
select  00000000000000000000000000000000000052 f1, 'กังก                                    ' f2 from tversion union
select  00000000000000000000000000000000000042 f1, 'กั้ง                                    ' f2 from tversion union
select  00000000000000000000000000000000000064 f1, 'กำ                                      ' f2 from tversion union
select  00000000000000000000000000000000000041 f1, 'กิก                                     ' f2 from tversion union
select  00000000000000000000000000000000000012 f1, 'กิ่ง                                    ' f2 from tversion union
select  00000000000000000000000000000000000021 f1, 'กิ๊ก                                    ' f2 from tversion union
select  00000000000000000000000000000000000008 f1, 'กู้หน้า                                 ' f2 from tversion union
select  00000000000000000000000000000000000051 f1, 'ก็                                      ' f2 from tversion union
select  00000000000000000000000000000000000022 f1, 'ก่ง                                     ' f2 from tversion union
select  00000000000000000000000000000000000047 f1, 'ก่ำ                                     ' f2 from tversion union
select  00000000000000000000000000000000000067 f1, 'ก้ง                                     ' f2 from tversion union
select  00000000000000000000000000000000000004 f1, 'ก้งง                                    ' f2 from tversion union
select  00000000000000000000000000000000000073 f1, 'ก้ำ                                     ' f2 from tversion union
select  00000000000000000000000000000000000023 f1, 'ก๊ก                                     ' f2 from tversion union
select  00000000000000000000000000000000000069 f1, 'ก๊ง                                     ' f2 from tversion union
select  00000000000000000000000000000000000075 f1, 'ขง                                      ' f2 from tversion union
select  00000000000000000000000000000000000065 f1, 'ฃ                                       ' f2 from tversion union
select  00000000000000000000000000000000000046 f1, 'ค                                       ' f2 from tversion union
select  00000000000000000000000000000000000060 f1, 'คคน-                                    ' f2 from tversion union
select  00000000000000000000000000000000000013 f1, 'ฯ                                       ' f2 from tversion union
select  00000000000000000000000000000000000039 f1, 'เ                                       ' f2 from tversion union
select  00000000000000000000000000000000000006 f1, 'เก                                      ' f2 from tversion union
select  00000000000000000000000000000000000050 f1, 'เกน                                     ' f2 from tversion union
select  00000000000000000000000000000000000005 f1, 'เกนๆ                                    ' f2 from tversion union
select  00000000000000000000000000000000000011 f1, 'เก็บ                                    ' f2 from tversion union
select  00000000000000000000000000000000000043 f1, 'เก่                                     ' f2 from tversion union
select  00000000000000000000000000000000000044 f1, 'เก่น                                    ' f2 from tversion union
select  00000000000000000000000000000000000019 f1, 'แก                                      ' f2 from tversion union
select  00000000000000000000000000000000000072 f1, 'แก่                                     ' f2 from tversion union
select  00000000000000000000000000000000000056 f1, 'แก่กล้า                                 ' f2 from tversion union
select  00000000000000000000000000000000000068 f1, 'แก้                                     ' f2 from tversion union
select  00000000000000000000000000000000000053 f1, 'โก่                                     ' f2 from tversion union
select  00000000000000000000000000000000000045 f1, 'ใกล้                                    ' f2 from tversion union
select  00000000000000000000000000000000000032 f1, 'ไ                                       ' f2 from tversion union
select  00000000000000000000000000000000000028 f1, 'ไก                                      ' f2 from tversion union
select  00000000000000000000000000000000000007 f1, 'ไฮฮี                                    ' f2 from tversion union
select  00000000000000000000000000000000000048 f1, 'ๆ                                       ' f2 from tversion union
select  00000000000000000000000000000000000071 f1, '๏                                       ' f2 from tversion union
select  00000000000000000000000000000000000018 f1, '๐                                       ' f2 from tversion union
select  00000000000000000000000000000000000063 f1, '๐๐                                      ' f2 from tversion union
select  00000000000000000000000000000000000017 f1, '๐๙                                      ' f2 from tversion union
select  00000000000000000000000000000000000009 f1, '๑                                       ' f2 from tversion union
select  00000000000000000000000000000000000029 f1, '๒                                       ' f2 from tversion union
select  00000000000000000000000000000000000040 f1, '๘                                       ' f2 from tversion union
select  00000000000000000000000000000000000033 f1, '๙                                       ' f2 from tversion union
select  00000000000000000000000000000000000062 f1, '๛                                       ' f2 from tversion union
select rnum, c1 from tlth where rnum <> 38
) Q
group by
f1,f2
) Q ) P;
         test_name_part          | pass_ind 
---------------------------------+----------
 SelectThaiColumnOrderByLocal_p1 |        1
(1 row)

-- SelectThaiColumnWhere_p1
select 'SelectThaiColumnWhere_p1' test_name_part, case when c = 1 then 1 else 0 end pass_ind from (
select count(distinct c) c from (
select f1,f2, count(*) c  from (
select 62 f1, '๛                                     ' f2 from tversion union
select rnum, c1  from tlth where c1='๛'
) Q
group by
f1,f2
) Q ) P;
      test_name_part      | pass_ind 
--------------------------+----------
 SelectThaiColumnWhere_p1 |        1
(1 row)

-- SelectThaiDistinctColumn_p1
select 'SelectThaiDistinctColumn_p1' test_name_part, case when c = 1 then 1 else 0 end pass_ind from (
select count(distinct c) c from (
select f1, count(*) c  from (
select 75 f1 from tversion union
select count (distinct c1)  from tlth
) Q
group by
f1
) Q ) P;
       test_name_part        | pass_ind 
-----------------------------+----------
 SelectThaiDistinctColumn_p1 |        1
(1 row)

-- SelectTurkishColumnConcat_p1
select 'SelectTurkishColumnConcat_p1' test_name_part, case when c = 1 then 1 else 0 end pass_ind from (
select count(distinct c) c from (
select f1,f2, count(*) c  from (
select  00000000000000000000000000000000000001 f1, 'Ã§Ä±kmak' f2 from tversion union
select  00000000000000000000000000000000000002 f1, 'Ã§Ä±kmakZero                          ' f2 from tversion union
select  00000000000000000000000000000000000003 f1, 'Ã§Ä±kmakÜyelik                       ' f2 from tversion union
select  00000000000000000000000000000000000004 f1, 'Ã§Ä±kmaküyelik                       ' f2 from tversion union
select  00000000000000000000000000000000000005 f1, 'Ã§Ä±kmakÜyeleri                      ' f2 from tversion union
select  00000000000000000000000000000000000006 f1, 'Ã§Ä±kmakUzantısı                    ' f2 from tversion union
select  00000000000000000000000000000000000007 f1, 'Ã§Ä±kmakupdate                        ' f2 from tversion union
select  00000000000000000000000000000000000008 f1, 'Ã§Ä±kmakŞarkı                       ' f2 from tversion union
select  00000000000000000000000000000000000009 f1, 'Ã§Ä±kmakC.B.A.                        ' f2 from tversion union
select  00000000000000000000000000000000000010 f1, 'Ã§Ä±kmakşifreleme                    ' f2 from tversion union
select  00000000000000000000000000000000000011 f1, 'Ã§Ä±kmakstep                          ' f2 from tversion union
select  00000000000000000000000000000000000012 f1, 'Ã§Ä±kmaközellikler                   ' f2 from tversion union
select  00000000000000000000000000000000000013 f1, 'Ã§Ä±kmak@@@air                        ' f2 from tversion union
select  00000000000000000000000000000000000014 f1, 'Ã§Ä±kmakoption                        ' f2 from tversion union
select  00000000000000000000000000000000000015 f1, 'Ã§Ä±kmakvice-versa                    ' f2 from tversion union
select  00000000000000000000000000000000000016 f1, 'Ã§Ä±kmakÖlçer                       ' f2 from tversion union
select  00000000000000000000000000000000000017 f1, 'Ã§Ä±kmakvice-admiral                  ' f2 from tversion union
select  00000000000000000000000000000000000018 f1, 'Ã§Ä±kmakIpucu                         ' f2 from tversion union
select  00000000000000000000000000000000000019 f1, 'Ã§Ä±kmakIP                            ' f2 from tversion union
select  00000000000000000000000000000000000020 f1, 'Ã§Ä±kmak999                           ' f2 from tversion union
select  00000000000000000000000000000000000021 f1, 'Ã§Ä±kmakdiğer                        ' f2 from tversion union
select  00000000000000000000000000000000000022 f1, 'Ã§Ä±kmakıptali                       ' f2 from tversion union
select  00000000000000000000000000000000000023 f1, 'Ã§Ä±kmakicon                          ' f2 from tversion union
select  00000000000000000000000000000000000024 f1, 'Ã§Ä±kmakair@@@                        ' f2 from tversion union
select  00000000000000000000000000000000000025 f1, 'Ã§Ä±kmakCO-OP                         ' f2 from tversion union
select  00000000000000000000000000000000000026 f1, 'Ã§Ä±kmakİsteği                      ' f2 from tversion union
select  00000000000000000000000000000000000027 f1, 'Ã§Ä±kmakItem                          ' f2 from tversion union
select  00000000000000000000000000000000000028 f1, 'Ã§Ä±kmakhub                           ' f2 from tversion union
select  00000000000000000000000000000000000029 f1, 'Ã§Ä±kmakvice                          ' f2 from tversion union
select  00000000000000000000000000000000000030 f1, 'Ã§Ä±kmakHata                          ' f2 from tversion union
select  00000000000000000000000000000000000031 f1, 'Ã§Ä±kmakCOOP                          ' f2 from tversion union
select  00000000000000000000000000000000000032 f1, 'Ã§Ä±kmakvice versa                    ' f2 from tversion union
select  00000000000000000000000000000000000033 f1, 'Ã§Ä±kmakdigit                         ' f2 from tversion union
select  00000000000000000000000000000000000034 f1, 'Ã§Ä±kmakCzech                         ' f2 from tversion union
select  00000000000000000000000000000000000035 f1, 'Ã§Ä±kmakçıkmak                      ' f2 from tversion union
select  00000000000000000000000000000000000036 f1, 'Ã§Ä±kmakçevir                        ' f2 from tversion union
select  00000000000000000000000000000000000037 f1, 'Ã§Ä±kmakÇok                          ' f2 from tversion union
select  00000000000000000000000000000000000038 f1, 'Ã§Ä±kmakçoklu                        ' f2 from tversion union
select  00000000000000000000000000000000000039 f1, 'Ã§Ä±kmakvicennial                     ' f2 from tversion union
select  00000000000000000000000000000000000040 f1, 'Ã§Ä±kmakçizim                        ' f2 from tversion union
select  00000000000000000000000000000000000041 f1, 'Ã§Ä±kmakco-op                         ' f2 from tversion union
select  00000000000000000000000000000000000042 f1, 'Ã§Ä±kmakçizgiler                     ' f2 from tversion union
select  00000000000000000000000000000000000043 f1, 'Ã§Ä±kmakçizgi                        ' f2 from tversion union
select  00000000000000000000000000000000000044 f1, 'Ã§Ä±kmak@@@@@                         ' f2 from tversion union
select  00000000000000000000000000000000000045 f1, 'Ã§Ä±kmakçift                         ' f2 from tversion union
select  00000000000000000000000000000000000046 f1, 'Ã§Ä±kmakverkehrt                      ' f2 from tversion union
select  00000000000000000000000000000000000047 f1, 'Ã§Ä±kmakçapraz                       ' f2 from tversion union
select  00000000000000000000000000000000000048 f1, 'Ã§Ä±kmak0000                          ' f2 from tversion union
select  00000000000000000000000000000000000049 f1, 'Ã§Ä±kmakcaption                       ' f2 from tversion union
select  00000000000000000000000000000000000050 f1, 'Ã§Ä±kmakCable                         ' f2 from tversion union
select  00000000000000000000000000000000000051 f1, 'Ã§Ä±kmakcable                         ' f2 from tversion union
select  00000000000000000000000000000000000052 f1, 'Ã§Ä±kmak' f2 from tversion union
select rnum, 'Ã§Ä±kmak' || c1 from tltr
) Q
group by
f1,f2
) Q ) P;
        test_name_part        | pass_ind 
------------------------------+----------
 SelectTurkishColumnConcat_p1 |        1
(1 row)

-- SelectTurkishColumnLower_p1
select 'SelectTurkishColumnLower_p1' test_name_part, case when c = 1 then 1 else 0 end pass_ind from (
select count(distinct c) c from (
select f1,f2, count(*) c  from (
select  00000000000000000000000000000000000001 f1, null f2 from tversion union
select  00000000000000000000000000000000000002 f1, 'zero                          ' f2 from tversion union
select  00000000000000000000000000000000000003 f1, 'üyelik                       ' f2 from tversion union
select  00000000000000000000000000000000000004 f1, 'üyelik                       ' f2 from tversion union
select  00000000000000000000000000000000000005 f1, 'üyeleri                      ' f2 from tversion union
select  00000000000000000000000000000000000006 f1, 'uzantısı                    ' f2 from tversion union
select  00000000000000000000000000000000000007 f1, 'update                        ' f2 from tversion union
select  00000000000000000000000000000000000008 f1, 'şarkı                       ' f2 from tversion union
select  00000000000000000000000000000000000009 f1, 'c.b.a.                        ' f2 from tversion union
select  00000000000000000000000000000000000010 f1, 'şifreleme                    ' f2 from tversion union
select  00000000000000000000000000000000000011 f1, 'step                          ' f2 from tversion union
select  00000000000000000000000000000000000012 f1, 'özellikler                   ' f2 from tversion union
select  00000000000000000000000000000000000013 f1, '@@@air                        ' f2 from tversion union
select  00000000000000000000000000000000000014 f1, 'option                        ' f2 from tversion union
select  00000000000000000000000000000000000015 f1, 'vice-versa                    ' f2 from tversion union
select  00000000000000000000000000000000000016 f1, 'ölçer                       ' f2 from tversion union
select  00000000000000000000000000000000000017 f1, 'vice-admiral                  ' f2 from tversion union
select  00000000000000000000000000000000000018 f1, 'ipucu                         ' f2 from tversion union
select  00000000000000000000000000000000000019 f1, 'ip                            ' f2 from tversion union
select  00000000000000000000000000000000000020 f1, '999                           ' f2 from tversion union
select  00000000000000000000000000000000000021 f1, 'diğer                        ' f2 from tversion union
select  00000000000000000000000000000000000022 f1, 'ıptali                       ' f2 from tversion union
select  00000000000000000000000000000000000023 f1, 'icon                          ' f2 from tversion union
select  00000000000000000000000000000000000024 f1, 'air@@@                        ' f2 from tversion union
select  00000000000000000000000000000000000025 f1, 'co-op                         ' f2 from tversion union
select  00000000000000000000000000000000000026 f1, 'isteği                      ' f2 from tversion union
select  00000000000000000000000000000000000027 f1, 'item                          ' f2 from tversion union
select  00000000000000000000000000000000000028 f1, 'hub                           ' f2 from tversion union
select  00000000000000000000000000000000000029 f1, 'vice                          ' f2 from tversion union
select  00000000000000000000000000000000000030 f1, 'hata                          ' f2 from tversion union
select  00000000000000000000000000000000000031 f1, 'coop                          ' f2 from tversion union
select  00000000000000000000000000000000000032 f1, 'vice versa                    ' f2 from tversion union
select  00000000000000000000000000000000000033 f1, 'digit                         ' f2 from tversion union
select  00000000000000000000000000000000000034 f1, 'czech                         ' f2 from tversion union
select  00000000000000000000000000000000000035 f1, 'çıkmak                      ' f2 from tversion union
select  00000000000000000000000000000000000036 f1, 'çevir                        ' f2 from tversion union
select  00000000000000000000000000000000000037 f1, 'çok                          ' f2 from tversion union
select  00000000000000000000000000000000000038 f1, 'çoklu                        ' f2 from tversion union
select  00000000000000000000000000000000000039 f1, 'vicennial                     ' f2 from tversion union
select  00000000000000000000000000000000000040 f1, 'çizim                        ' f2 from tversion union
select  00000000000000000000000000000000000041 f1, 'co-op                         ' f2 from tversion union
select  00000000000000000000000000000000000042 f1, 'çizgiler                     ' f2 from tversion union
select  00000000000000000000000000000000000043 f1, 'çizgi                        ' f2 from tversion union
select  00000000000000000000000000000000000044 f1, '@@@@@                         ' f2 from tversion union
select  00000000000000000000000000000000000045 f1, 'çift                         ' f2 from tversion union
select  00000000000000000000000000000000000046 f1, 'verkehrt                      ' f2 from tversion union
select  00000000000000000000000000000000000047 f1, 'çapraz                       ' f2 from tversion union
select  00000000000000000000000000000000000048 f1, '0000                          ' f2 from tversion union
select  00000000000000000000000000000000000049 f1, 'caption                       ' f2 from tversion union
select  00000000000000000000000000000000000050 f1, 'cable                         ' f2 from tversion union
select  00000000000000000000000000000000000051 f1, 'cable                         ' f2 from tversion union
select  00000000000000000000000000000000000052 f1, '' f2 from tversion union
select rnum, lower(c1) from tltr
) Q
group by
f1,f2
) Q ) P;
       test_name_part        | pass_ind 
-----------------------------+----------
 SelectTurkishColumnLower_p1 |        1
(1 row)

-- SelectTurkishColumnOrderByLocal_p1
select 'SelectTurkishColumnOrderByLocal_p1' test_name_part, case when c = 1 then 1 else 0 end pass_ind from (
select count(distinct c) c from (
select f1,f2, count(*) c  from (
select  00000000000000000000000000000000000048 f1, '0000                          ' f2 from tversion union
select  00000000000000000000000000000000000020 f1, '999                           ' f2 from tversion union
select  00000000000000000000000000000000000044 f1, '@@@@@                         ' f2 from tversion union
select  00000000000000000000000000000000000013 f1, '@@@air                        ' f2 from tversion union
select  00000000000000000000000000000000000009 f1, 'C.B.A.                        ' f2 from tversion union
select  00000000000000000000000000000000000025 f1, 'CO-OP                         ' f2 from tversion union
select  00000000000000000000000000000000000031 f1, 'COOP                          ' f2 from tversion union
select  00000000000000000000000000000000000050 f1, 'Cable                         ' f2 from tversion union
select  00000000000000000000000000000000000034 f1, 'Czech                         ' f2 from tversion union
select  00000000000000000000000000000000000030 f1, 'Hata                          ' f2 from tversion union
select  00000000000000000000000000000000000019 f1, 'IP                            ' f2 from tversion union
select  00000000000000000000000000000000000018 f1, 'Ipucu                         ' f2 from tversion union
select  00000000000000000000000000000000000027 f1, 'Item                          ' f2 from tversion union
select  00000000000000000000000000000000000006 f1, 'Uzantısı                    ' f2 from tversion union
select  00000000000000000000000000000000000002 f1, 'Zero                          ' f2 from tversion union
select  00000000000000000000000000000000000024 f1, 'air@@@                        ' f2 from tversion union
select  00000000000000000000000000000000000051 f1, 'cable                         ' f2 from tversion union
select  00000000000000000000000000000000000049 f1, 'caption                       ' f2 from tversion union
select  00000000000000000000000000000000000041 f1, 'co-op                         ' f2 from tversion union
select  00000000000000000000000000000000000033 f1, 'digit                         ' f2 from tversion union
select  00000000000000000000000000000000000021 f1, 'diğer                        ' f2 from tversion union
select  00000000000000000000000000000000000028 f1, 'hub                           ' f2 from tversion union
select  00000000000000000000000000000000000023 f1, 'icon                          ' f2 from tversion union
select  00000000000000000000000000000000000014 f1, 'option                        ' f2 from tversion union
select  00000000000000000000000000000000000011 f1, 'step                          ' f2 from tversion union
select  00000000000000000000000000000000000007 f1, 'update                        ' f2 from tversion union
select  00000000000000000000000000000000000046 f1, 'verkehrt                      ' f2 from tversion union
select  00000000000000000000000000000000000029 f1, 'vice                          ' f2 from tversion union
select  00000000000000000000000000000000000032 f1, 'vice versa                    ' f2 from tversion union
select  00000000000000000000000000000000000017 f1, 'vice-admiral                  ' f2 from tversion union
select  00000000000000000000000000000000000015 f1, 'vice-versa                    ' f2 from tversion union
select  00000000000000000000000000000000000039 f1, 'vicennial                     ' f2 from tversion union
select  00000000000000000000000000000000000037 f1, 'Çok                          ' f2 from tversion union
select  00000000000000000000000000000000000016 f1, 'Ölçer                       ' f2 from tversion union
select  00000000000000000000000000000000000005 f1, 'Üyeleri                      ' f2 from tversion union
select  00000000000000000000000000000000000003 f1, 'Üyelik                       ' f2 from tversion union
select  00000000000000000000000000000000000047 f1, 'çapraz                       ' f2 from tversion union
select  00000000000000000000000000000000000036 f1, 'çevir                        ' f2 from tversion union
select  00000000000000000000000000000000000045 f1, 'çift                         ' f2 from tversion union
select  00000000000000000000000000000000000043 f1, 'çizgi                        ' f2 from tversion union
select  00000000000000000000000000000000000042 f1, 'çizgiler                     ' f2 from tversion union
select  00000000000000000000000000000000000040 f1, 'çizim                        ' f2 from tversion union
select  00000000000000000000000000000000000038 f1, 'çoklu                        ' f2 from tversion union
select  00000000000000000000000000000000000035 f1, 'çıkmak                      ' f2 from tversion union
select  00000000000000000000000000000000000012 f1, 'özellikler                   ' f2 from tversion union
select  00000000000000000000000000000000000004 f1, 'üyelik                       ' f2 from tversion union
select  00000000000000000000000000000000000026 f1, 'İsteği                      ' f2 from tversion union
select  00000000000000000000000000000000000022 f1, 'ıptali                       ' f2 from tversion union
select  00000000000000000000000000000000000008 f1, 'Şarkı                       ' f2 from tversion union
select  00000000000000000000000000000000000010 f1, 'şifreleme                    ' f2 from tversion union
select  00000000000000000000000000000000000052 f1, null f2 from tversion union
select  00000000000000000000000000000000000001 f1, null f2 from tversion union
select rnum, c1 from tltr
) Q
group by
f1,f2
) Q ) P;
           test_name_part           | pass_ind 
------------------------------------+----------
 SelectTurkishColumnOrderByLocal_p1 |        1
(1 row)

-- SelectTurkishColumnWhere_p1
select 'SelectTurkishColumnWhere_p1' test_name_part, case when c = 1 then 1 else 0 end pass_ind from (
select count(distinct c) c from (
select f1,f2, count(*) c  from (
select 35 f1, 'çıkmak                                ' f2 from tversion union
select rnum, c1  from tltr where c1='çıkmak'
) Q
group by
f1,f2
) Q ) P;
       test_name_part        | pass_ind 
-----------------------------+----------
 SelectTurkishColumnWhere_p1 |        1
(1 row)

-- SelectTurkishDistinctColumn_p1
select 'SelectTurkishDistinctColumn_p1' test_name_part, case when c = 1 then 1 else 0 end pass_ind from (
select count(distinct c) c from (
select f1, count(*) c  from (
select 51 f1 from tversion union
select count (distinct c1)  from tltr
) Q
group by
f1
) Q ) P;
         test_name_part         | pass_ind 
--------------------------------+----------
 SelectTurkishDistinctColumn_p1 |        1
(1 row)


