-- start_ignore
--
-- Greenplum Database database dump
--
SET client_encoding = 'UTF8';
SET standard_conforming_strings = off;
SET check_function_bodies = false;
SET client_min_messages = warning;
SET escape_string_warning = off;
SET default_with_oids = false;
--
-- Name: plpgsql; Type: PROCEDURAL LANGUAGE; Schema: -; Owner: gpadmin
--
CREATE LANGUAGE plpgsql;
SET search_path = public, pg_catalog;
SET default_tablespace = '';
--
-- Name: tlth; Type: TABLE; Schema: public; Owner: gpadmin; Tablespace:
--
CREATE TABLE tlth (
    rnum integer NOT NULL,
    c1 character(40),
    ord integer
) DISTRIBUTED BY (rnum);
--
-- Name: tversion; Type: TABLE; Schema: public; Owner: gpadmin; Tablespace:
--
CREATE TABLE tversion (
    rnum integer NOT NULL,
    c1 integer,
    cver character(6),
    cnnull integer,
    ccnull character(1)
) DISTRIBUTED BY (rnum);
--
-- Data for Name: tlth; Type: TABLE DATA; Schema: public; Owner: gpadmin
--
COPY tlth (rnum, c1, ord) FROM stdin;
--
-- Data for Name: tversion; Type: TABLE DATA; Schema: public; Owner: gpadmin
--
COPY tversion (rnum, c1, cver, cnnull, ccnull) FROM stdin;
-- SelectThaiColumnConcat_p1
select 'SelectThaiColumnConcat_p1' test_name_part, case when c = 1 then 1 else 0 end pass_ind from (
select count(distinct c) c from (
select f1,f2, count(*) c  from (
select 47 f1, '๛ก่ำ                               ' f2 from tversion union
select rnum, '๛' || c1 from tlth where rnum = 47
) Q
group by
f1,f2
) Q ) P;
      test_name_part       | pass_ind 
---------------------------+----------
 SelectThaiColumnConcat_p1 |        1
(1 row)

-- SelectThaiColumnLower_p1
select 'SelectThaiColumnLower_p1' test_name_part, case when c = 1 then 1 else 0 end pass_ind from (
select count(distinct c) c from (
select f1,f2, count(*) c  from (
select 47 f1, 'ก่ำ' f2 from tversion union
select rnum, lower(c1) from tlth where rnum=47
) Q
group by
f1,f2
) Q ) P;
      test_name_part      | pass_ind 
--------------------------+----------
 SelectThaiColumnLower_p1 |        1
(1 row)

-- SelectThaiColumnOrderByLocal_p1
select 'SelectThaiColumnOrderByLocal_p1' test_name_part, case when c = 1 then 1 else 0 end pass_ind from (
select count(distinct c) c from (
select f1,f2, count(*) c  from (
select  00000000000000000000000000000000000036 f1, ' ํ                                      ' f2 from tversion union
select  00000000000000000000000000000000000049 f1, '!                                       ' f2 from tversion union
select  00000000000000000000000000000000000020 f1, '-                                       ' f2 from tversion union
select  00000000000000000000000000000000000059 f1, '-กระจาม                                 ' f2 from tversion union
select  00000000000000000000000000000000000058 f1, '-กระจิ๋ง                                ' f2 from tversion union
select  00000000000000000000000000000000000061 f1, '-เกงกอย                                 ' f2 from tversion union
select  00000000000000000000000000000000000027 f1, '0                                       ' f2 from tversion union
select  00000000000000000000000000000000000003 f1, '00                                      ' f2 from tversion union
select  00000000000000000000000000000000000026 f1, '1                                       ' f2 from tversion union
select  00000000000000000000000000000000000057 f1, '9                                       ' f2 from tversion union
select  00000000000000000000000000000000000024 f1, 'Zulu                                    ' f2 from tversion union
select  00000000000000000000000000000000000025 f1, 'zulu                                    ' f2 from tversion union
select  00000000000000000000000000000000000054 f1, 'ก                                       ' f2 from tversion union
select  00000000000000000000000000000000000037 f1, 'ก กา                                    ' f2 from tversion union
select  00000000000000000000000000000000000074 f1, 'กก                                      ' f2 from tversion union
select  00000000000000000000000000000000000016 f1, 'กกขนาก                                  ' f2 from tversion union
select  00000000000000000000000000000000000035 f1, 'กกา                                     ' f2 from tversion union
select  00000000000000000000000000000000000034 f1, 'กกๅ                                     ' f2 from tversion union
select  00000000000000000000000000000000000066 f1, 'กง                                      ' f2 from tversion union
select  00000000000000000000000000000000000001 f1, 'กฏิ                                     ' f2 from tversion union
select  00000000000000000000000000000000000015 f1, 'กฏุก                                    ' f2 from tversion union
select  00000000000000000000000000000000000070 f1, 'กฏุก-                                   ' f2 from tversion union
select  00000000000000000000000000000000000002 f1, 'กรรมสิทธิ์ผู้แต่งหนังสือ                ' f2 from tversion union
select  00000000000000000000000000000000000010 f1, 'กรรมสิทธิ์เครื่องหมายและยี่ห้อการค้าขาย ' f2 from tversion union
select  00000000000000000000000000000000000031 f1, 'กระจาบ                                  ' f2 from tversion union
select  00000000000000000000000000000000000055 f1, 'กระจาย                                  ' f2 from tversion union
select  00000000000000000000000000000000000030 f1, 'กระจิด                                  ' f2 from tversion union
select  00000000000000000000000000000000000014 f1, 'กัง                                     ' f2 from tversion union
select  00000000000000000000000000000000000052 f1, 'กังก                                    ' f2 from tversion union
select  00000000000000000000000000000000000042 f1, 'กั้ง                                    ' f2 from tversion union
select  00000000000000000000000000000000000064 f1, 'กำ                                      ' f2 from tversion union
select  00000000000000000000000000000000000041 f1, 'กิก                                     ' f2 from tversion union
select  00000000000000000000000000000000000012 f1, 'กิ่ง                                    ' f2 from tversion union
select  00000000000000000000000000000000000021 f1, 'กิ๊ก                                    ' f2 from tversion union
select  00000000000000000000000000000000000008 f1, 'กู้หน้า                                 ' f2 from tversion union
select  00000000000000000000000000000000000051 f1, 'ก็                                      ' f2 from tversion union
select  00000000000000000000000000000000000022 f1, 'ก่ง                                     ' f2 from tversion union
select  00000000000000000000000000000000000047 f1, 'ก่ำ                                     ' f2 from tversion union
select  00000000000000000000000000000000000067 f1, 'ก้ง                                     ' f2 from tversion union
select  00000000000000000000000000000000000004 f1, 'ก้งง                                    ' f2 from tversion union
select  00000000000000000000000000000000000073 f1, 'ก้ำ                                     ' f2 from tversion union
select  00000000000000000000000000000000000023 f1, 'ก๊ก                                     ' f2 from tversion union
select  00000000000000000000000000000000000069 f1, 'ก๊ง                                     ' f2 from tversion union
select  00000000000000000000000000000000000075 f1, 'ขง                                      ' f2 from tversion union
select  00000000000000000000000000000000000065 f1, 'ฃ                                       ' f2 from tversion union
select  00000000000000000000000000000000000046 f1, 'ค                                       ' f2 from tversion union
select  00000000000000000000000000000000000060 f1, 'คคน-                                    ' f2 from tversion union
select  00000000000000000000000000000000000013 f1, 'ฯ                                       ' f2 from tversion union
select  00000000000000000000000000000000000039 f1, 'เ                                       ' f2 from tversion union
select  00000000000000000000000000000000000006 f1, 'เก                                      ' f2 from tversion union
select  00000000000000000000000000000000000050 f1, 'เกน                                     ' f2 from tversion union
select  00000000000000000000000000000000000005 f1, 'เกนๆ                                    ' f2 from tversion union
select  00000000000000000000000000000000000011 f1, 'เก็บ                                    ' f2 from tversion union
select  00000000000000000000000000000000000043 f1, 'เก่                                     ' f2 from tversion union
select  00000000000000000000000000000000000044 f1, 'เก่น                                    ' f2 from tversion union
select  00000000000000000000000000000000000019 f1, 'แก                                      ' f2 from tversion union
select  00000000000000000000000000000000000072 f1, 'แก่                                     ' f2 from tversion union
select  00000000000000000000000000000000000056 f1, 'แก่กล้า                                 ' f2 from tversion union
select  00000000000000000000000000000000000068 f1, 'แก้                                     ' f2 from tversion union
select  00000000000000000000000000000000000053 f1, 'โก่                                     ' f2 from tversion union
select  00000000000000000000000000000000000045 f1, 'ใกล้                                    ' f2 from tversion union
select  00000000000000000000000000000000000032 f1, 'ไ                                       ' f2 from tversion union
select  00000000000000000000000000000000000028 f1, 'ไก                                      ' f2 from tversion union
select  00000000000000000000000000000000000007 f1, 'ไฮฮี                                    ' f2 from tversion union
select  00000000000000000000000000000000000048 f1, 'ๆ                                       ' f2 from tversion union
select  00000000000000000000000000000000000071 f1, '๏                                       ' f2 from tversion union
select  00000000000000000000000000000000000018 f1, '๐                                       ' f2 from tversion union
select  00000000000000000000000000000000000063 f1, '๐๐                                      ' f2 from tversion union
select  00000000000000000000000000000000000017 f1, '๐๙                                      ' f2 from tversion union
select  00000000000000000000000000000000000009 f1, '๑                                       ' f2 from tversion union
select  00000000000000000000000000000000000029 f1, '๒                                       ' f2 from tversion union
select  00000000000000000000000000000000000040 f1, '๘                                       ' f2 from tversion union
select  00000000000000000000000000000000000033 f1, '๙                                       ' f2 from tversion union
select  00000000000000000000000000000000000062 f1, '๛                                       ' f2 from tversion union
select rnum, c1 from tlth where rnum <> 38
) Q
group by
f1,f2
) Q ) P;
         test_name_part          | pass_ind 
---------------------------------+----------
 SelectThaiColumnOrderByLocal_p1 |        1
(1 row)

-- SelectThaiColumnWhere_p1
select 'SelectThaiColumnWhere_p1' test_name_part, case when c = 1 then 1 else 0 end pass_ind from (
select count(distinct c) c from (
select f1,f2, count(*) c  from (
select 62 f1, '๛                                     ' f2 from tversion union
select rnum, c1  from tlth where c1='๛'
) Q
group by
f1,f2
) Q ) P;
      test_name_part      | pass_ind 
--------------------------+----------
 SelectThaiColumnWhere_p1 |        1
(1 row)

-- SelectThaiDistinctColumn_p1
select 'SelectThaiDistinctColumn_p1' test_name_part, case when c = 1 then 1 else 0 end pass_ind from (
select count(distinct c) c from (
select f1, count(*) c  from (
select 75 f1 from tversion union
select count (distinct c1)  from tlth
) Q
group by
f1
) Q ) P;
       test_name_part        | pass_ind 
-----------------------------+----------
 SelectThaiDistinctColumn_p1 |        1
(1 row)

